===========================================
 AUDITORIA COMPLETA DE ROTAS - BINARIO TECH
 Data: 2026-08-16 00:02:38
===========================================

[1] Consultando Telemetria Scania...
{
  "montadora": "Scania",
  "dados": [
    {
      "id": 1,
      "modelo": "R450",
      "vin": "9BS123456789",
      "temperatura_motor": 88,
      "status": "OK"
    },
    {
      "id": 2,
      "modelo": "S500",
      "vin": "9BS987654321",
      "temperatura_motor": 102,
      "status": "ALERTA_AQUECIMENTO"
    },
    {
      "id": 3,
      "modelo": "R450",
      "vin": "9BS123456789",
      "temperatura_motor": 90,
      "status": "OK"
    },
    {
      "id": 4,
      "modelo": "R540",
      "vin": "9BS555444333",
      "temperatura_motor": 99,
      "status": "ALERTA_AQUECIMENTO"
    },
    {
      "id": 5,
      "modelo": "R540",
      "vin": "9BS555444333",
      "temperatura_motor": 99,
      "status": "ALERTA_AQUECIMENTO"
    },
    {
      "id": 6,
      "modelo": "R540",
      "vin": "9BS555444333",
      "temperatura_motor": 99,
      "status": "ALERTA_AQUECIMENTO"
    },
    {
      "id": 7,
      "modelo": "R540",
      "vin": "9BS555444333",
      "temperatura_motor": 99,
      "status": "ALERTA_AQUECIMENTO"
    }
  ]
}

[2] Registrando Telemetria Scania...
{
  "id": 8,
  "modelo": "R540",
  "vin": "9BS555444333",
  "temperatura_motor": 99,
  "status": "ALERTA_AQUECIMENTO"
}

[3] Consultando Telemetria Mercedes-Benz...
{
  "montadora": "Mercedes-Benz",
  "dados": [
    {
      "id": 1,
      "modelo": "Actros 2651",
      "vin": "9BM123456789",
      "temperatura_motor": 90,
      "status": "OK"
    },
    {
      "id": 2,
      "modelo": "Atego 2426",
      "vin": "9BM987654321",
      "temperatura_motor": 98,
      "status": "ALERTA_AQUECIMENTO"
    },
    {
      "id": 3,
      "modelo": "Actros 2651",
      "vin": "9BM111222333",
      "temperatura_motor": 91,
      "status": "OK"
    },
    {
      "id": 4,
      "modelo": "Actros 2651",
      "vin": "9BM111222333",
      "temperatura_motor": 91,
      "status": "OK"
    },
    {
      "id": 5,
      "modelo": "Actros 2651",
      "vin": "9BM111222333",
      "temperatura_motor": 91,
      "status": "OK"
    },
    {
      "id": 6,
      "modelo": "Actros 2651",
      "vin": "9BM111222333",
      "temperatura_motor": 91,
      "status": "OK"
    }
  ]
}

[4] Registrando Telemetria Mercedes-Benz...
{
  "id": 7,
  "modelo": "Actros 2651",
  "vin": "9BM111222333",
  "temperatura_motor": 91,
  "status": "OK"
}

[5] Testando Endpoint Inexistente (404)...
{
  "erro": "Módulo ou Rota de Telemetria não encontrada."
}
===========================================
 Auditoria concluida.
===========================================
